[2026-09-06 01:09:43] [INFO] Install neovim...
[2026-09-06 01:09:44] [DEBUG] Prerequisite package already installed: dialog
[2026-09-06 01:09:44] [DEBUG] Prerequisite package already installed: jq
[2026-09-06 01:09:44] [INFO] Updating package managers...
[2026-09-06 01:09:44] [INFO] Updating pacman database...
[2026-09-06 01:09:44] [INFO] Updating yay database...
[2026-09-06 01:09:45] [INFO] Package managers updated.
[2026-09-06 01:09:45] [INFO] Processing block: install-utils
[2026-09-06 01:09:45] [INFO] [pacman] Installing git stow
[2026-09-06 01:09:45] [INFO] [pacman] Installation completed
[2026-09-06 01:09:45] [INFO] Processing block: base
[2026-09-06 01:09:46] [INFO] [yay] Installing neovim-symlinks
[2026-09-06 01:09:53] [INFO] [yay] Installation completed
[2026-09-06 01:09:53] [INFO] Processing block: clip
[2026-09-06 01:09:53] [INFO] [pacman] Installing xclip
[2026-09-06 01:09:54] [INFO] [pacman] Installation completed
[2026-09-06 01:09:54] [INFO] Processing block: find
[2026-09-06 01:09:54] [INFO] [pacman] Installing fzf ripgrep fd
[2026-09-06 01:09:55] [INFO] [pacman] Installation completed
[2026-09-06 01:09:55] [INFO] Processing block: utils
[2026-09-06 01:09:55] [INFO] [pacman] Installing npm
[2026-09-06 01:09:55] [INFO] [pacman] Installation completed
[2026-09-06 01:09:55] [INFO] Processing block: treesitter
[2026-09-06 01:09:55] [INFO] [pacman] Installing tree-sitter-cli
[2026-09-06 01:09:56] [INFO] [pacman] Installation completed
[2026-09-06 01:09:56] [INFO] All packages processed successfully
