[2026-09-05 23:02:08] [INFO] Installing base utilities and SSH...
[2026-09-05 23:02:08] [DEBUG] Prerequisite package already installed: dialog
[2026-09-05 23:02:08] [DEBUG] Prerequisite package already installed: jq
[2026-09-05 23:02:08] [INFO] Updating package managers...
[2026-09-05 23:02:08] [INFO] Updating pacman database...
[2026-09-05 23:02:08] [INFO] Updating yay database...
[2026-09-05 23:02:08] [INFO] Package managers updated.
[2026-09-05 23:02:08] [INFO] Processing block: install-utils
[2026-09-05 23:02:09] [INFO] [pacman] Installing git stow curl
[2026-09-05 23:02:09] [INFO] [pacman] Installation completed
[2026-09-05 23:02:09] [INFO] Processing block: utils
[2026-09-05 23:02:10] [INFO] [pacman] Installing openssh xclip xdg-utils
[2026-09-05 23:02:10] [INFO] [pacman] Installation completed
[2026-09-05 23:02:10] [INFO] All packages processed successfully
[2026-09-05 23:02:10] [INFO] SSH Configuration started
[2026-09-05 23:02:10] [INFO] Select SSH key type:
[2026-09-05 23:02:34] [WARN] Key file already exists: /home/nebolsinvasili/.ssh/id_ed25519
[2026-09-05 23:02:42] [WARN] Existing key will be overwritten without backup.
[2026-09-05 23:02:53] [INFO] The following SSH key will be created:
[2026-09-05 23:02:54] [INFO] Generating SSH key...
[2026-09-05 23:02:54] [OK] SSH key successfully generated.
[2026-09-05 23:02:54] [INFO] Starting ssh-agent and adding key...
[2026-09-05 23:02:59] [OK] Key added to ssh-agent.
[2026-09-05 23:02:59] [OK] Public key copied to clipboard (X11).
[2026-09-05 23:02:59] [OK] SSH key generation completed successfully.
[2026-09-05 23:03:01] [INFO] Opening GitHub SSH settings...
[2026-09-05 23:03:55] [INFO] Verifying SSH connection to GitHub...
